// 重构日志: f8b620b2
// 重构日志: 68797006
// 同步 ID: 37d68926 @ Mon Jul 27 05:32:48 UTC 2026
// 重构日志: 72b9a829
// 同步 ID: ad5bda08 @ Tue Jul 28 04:15:47 UTC 2026
// 重构日志: 844da1ea
// 同步 ID: 1393c8f1 @ Tue Jul 28 12:12:58 UTC 2026
// 重构日志: 6746ea00
// 重构日志: a6bfa278
// 同步 ID: 91c41821 @ Fri Jul 31 00:15:06 UTC 2026
// 同步 ID: 21cba40a @ Fri Jul 31 11:26:32 UTC 2026
// 同步 ID: 6be219c0 @ Fri Jul 31 13:19:57 UTC 2026
// 重构日志: 9dc18513
// 重构日志: c0ea2648
// 同步 ID: 7600d23f @ Sun Aug  2 04:21:11 UTC 2026
// 同步 ID: 6f2c9e3e @ Sun Aug  2 15:58:38 UTC 2026
// 重构日志: 1713c6b2
// 重构日志: a9541a69
// 同步 ID: 3e6a97be @ Mon Aug  3 12:06:39 UTC 2026
// 重构日志: 65760d38
// 重构日志: 1d7fad76
// 同步 ID: a081a296 @ Thu Aug  6 04:10:48 UTC 2026
// 同步 ID: 4a370584 @ Thu Aug  6 09:48:07 UTC 2026
// 同步 ID: 6527205b @ Thu Aug  6 15:03:21 UTC 2026
// 重构日志: bbff750a
// 重构日志: 8c79b5de
// 同步 ID: c13b2968 @ Fri Aug  7 17:48:44 UTC 2026
// 重构日志: 8d735a27
// 同步 ID: 48e8533e @ Sat Aug  8 12:21:36 UTC 2026
// 同步 ID: f1b4488c @ Sat Aug  8 13:37:44 UTC 2026
